running 9 labs, 2 at a time

  PASS crossplane.nop
crossplane.nop: up in 42s, verified, idempotent, destroyed clean
  PASS gitops.local
gitops.local: up in 118s, verified, idempotent, destroyed clean
  PASS homelab.dns
homelab.dns: up in 376s, verified, idempotent, destroyed clean
  PASS minimal.cilium
minimal.cilium: up in 97s, verified, idempotent, destroyed clean
  PASS homelab.local
homelab.local: up in 417s, verified, idempotent, destroyed clean
  PASS minimal.local
minimal.local: up in 41s, verified, idempotent, destroyed clean
  PASS minimal.secrets
minimal.secrets: up in 45s, verified, idempotent, destroyed clean
  PASS minimal.tls
minimal.tls: up in 62s, verified, idempotent, destroyed clean
  PASS minimal.talos
minimal.talos: up in 194s, verified, idempotent, destroyed clean

all 9 labs passed
